omegas (rad/s): ['0.000e+00', '5.620e+09', '2.810e+10']
train 16000 | test 2000
precomputing factors (train)
  factors <- datasets/regular_v7_anchors/_factors/train_m16_q2_f3_c9.pt
precomputing factors (test)
  factors <- datasets/regular_v7_anchors/_factors/test_m16_q2_f3_c9.pt
init bias (mean log10 droop): -3.601
ablation=combined | params 32,617
ep  1 loss 0.0094 | 4,7:R2=+0.497  7,13:R2=+0.504 (106s)
ep  2 loss 0.0040 | 4,7:R2=+0.530  7,13:R2=-0.320 (114s)
ep  3 loss 0.0031 | 4,7:R2=+0.453  7,13:R2=+0.007 (120s)
ep  4 loss 0.0028 | 4,7:R2=+0.563  7,13:R2=-0.744 (121s)
ep  5 loss 0.0025 | 4,7:R2=+0.776  7,13:R2=+0.149 (118s)
ep  6 loss 0.0023 | 4,7:R2=+0.668  7,13:R2=+0.606 (120s)
ep  7 loss 0.0022 | 4,7:R2=+0.559  7,13:R2=+0.681 (121s)
ep  8 loss 0.0021 | 4,7:R2=+0.707  7,13:R2=+0.448 (120s)
ep  9 loss 0.0020 | 4,7:R2=+0.675  7,13:R2=+0.703 (113s)
ep 10 loss 0.0019 | 4,7:R2=+0.722  7,13:R2=+0.171 (112s)
ep 11 loss 0.0019 | 4,7:R2=+0.511  7,13:R2=+0.589 (114s)
ep 12 loss 0.0018 | 4,7:R2=+0.559  7,13:R2=+0.371 (114s)
ep 13 loss 0.0018 | 4,7:R2=+0.814  7,13:R2=+0.413 (111s)
ep 14 loss 0.0017 | 4,7:R2=+0.715  7,13:R2=+0.155 (116s)
ep 15 loss 0.0016 | 4,7:R2=+0.657  7,13:R2=+0.036 (123s)
ep 16 loss 0.0016 | 4,7:R2=+0.761  7,13:R2=+0.254 (116s)
ep 17 loss 0.0015 | 4,7:R2=+0.503  7,13:R2=+0.565 (116s)
ep 18 loss 0.0015 | 4,7:R2=+0.630  7,13:R2=+0.479 (116s)
ep 19 loss 0.0014 | 4,7:R2=+0.658  7,13:R2=+0.026 (116s)
ep 20 loss 0.0014 | 4,7:R2=+0.446  7,13:R2=+0.083 (106s)
ep 21 loss 0.0013 | 4,7:R2=+0.688  7,13:R2=+0.660 (106s)
ep 22 loss 0.0013 | 4,7:R2=+0.660  7,13:R2=+0.436 (105s)
ep 23 loss 0.0012 | 4,7:R2=+0.527  7,13:R2=+0.580 (105s)
ep 24 loss 0.0012 | 4,7:R2=+0.641  7,13:R2=+0.456 (105s)
ep 25 loss 0.0012 | 4,7:R2=+0.547  7,13:R2=+0.441 (105s)
ep 26 loss 0.0011 | 4,7:R2=+0.713  7,13:R2=+0.382 (105s)
ep 27 loss 0.0011 | 4,7:R2=+0.787  7,13:R2=+0.181 (105s)
ep 28 loss 0.0011 | 4,7:R2=+0.584  7,13:R2=+0.061 (105s)
ep 29 loss 0.0010 | 4,7:R2=+0.663  7,13:R2=+0.401 (105s)
ep 30 loss 0.0010 | 4,7:R2=+0.701  7,13:R2=+0.222 (106s)
ep 31 loss 0.0010 | 4,7:R2=+0.742  7,13:R2=+0.162 (105s)
ep 32 loss 0.0009 | 4,7:R2=+0.541  7,13:R2=+0.436 (106s)
ep 33 loss 0.0009 | 4,7:R2=+0.677  7,13:R2=+0.478 (105s)
ep 34 loss 0.0009 | 4,7:R2=+0.679  7,13:R2=-0.171 (106s)
ep 35 loss 0.0008 | 4,7:R2=+0.682  7,13:R2=+0.183 (106s)
ep 36 loss 0.0008 | 4,7:R2=+0.556  7,13:R2=+0.025 (106s)
ep 37 loss 0.0008 | 4,7:R2=+0.598  7,13:R2=+0.247 (106s)
ep 38 loss 0.0008 | 4,7:R2=+0.613  7,13:R2=-0.047 (105s)
ep 39 loss 0.0008 | 4,7:R2=+0.616  7,13:R2=-0.124 (103s)
ep 40 loss 0.0007 | 4,7:R2=+0.634  7,13:R2=+0.145 (97s)
ep 41 loss 0.0007 | 4,7:R2=+0.554  7,13:R2=+0.038 (97s)
ep 42 loss 0.0007 | 4,7:R2=+0.619  7,13:R2=-0.147 (97s)
ep 43 loss 0.0007 | 4,7:R2=+0.605  7,13:R2=+0.173 (97s)
ep 44 loss 0.0007 | 4,7:R2=+0.599  7,13:R2=+0.118 (97s)
ep 45 loss 0.0007 | 4,7:R2=+0.598  7,13:R2=+0.064 (96s)
ep 46 loss 0.0007 | 4,7:R2=+0.604  7,13:R2=+0.037 (96s)
ep 47 loss 0.0007 | 4,7:R2=+0.607  7,13:R2=+0.008 (96s)
ep 48 loss 0.0007 | 4,7:R2=+0.628  7,13:R2=-0.040 (97s)
ep 49 loss 0.0007 | 4,7:R2=+0.597  7,13:R2=-0.035 (97s)
ep 50 loss 0.0007 | 4,7:R2=+0.598  7,13:R2=+0.008 (96s)
history -> checkpoints/imp_attn_combined.history.json
