omegas (rad/s): ['0.000e+00', '5.620e+09', '2.810e+10']
train 16000 | test 2000
precomputing factors (train)
  factors <- datasets/regular_v7_anchors/_factors/train_m16_q2_f3_c9.pt
precomputing factors (test)
  factors <- datasets/regular_v7_anchors/_factors/test_m16_q2_f3_c9.pt
init bias (mean log10 droop): -3.601
ablation=impedance | params 32,617
ep  1 loss 0.0131 | 4,7:R2=+0.563  7,13:R2=+0.442 (108s)
ep  2 loss 0.0043 | 4,7:R2=+0.603  7,13:R2=-0.815 (110s)
ep  3 loss 0.0031 | 4,7:R2=+0.454  7,13:R2=+0.307 (96s)
ep  4 loss 0.0027 | 4,7:R2=+0.536  7,13:R2=+0.326 (96s)
ep  5 loss 0.0024 | 4,7:R2=+0.778  7,13:R2=+0.399 (103s)
ep  6 loss 0.0023 | 4,7:R2=+0.687  7,13:R2=+0.432 (103s)
ep  7 loss 0.0021 | 4,7:R2=+0.266  7,13:R2=+0.733 (101s)
ep  8 loss 0.0020 | 4,7:R2=+0.591  7,13:R2=+0.313 (96s)
ep  9 loss 0.0019 | 4,7:R2=+0.673  7,13:R2=+0.392 (96s)
ep 10 loss 0.0018 | 4,7:R2=+0.764  7,13:R2=-0.211 (96s)
ep 11 loss 0.0018 | 4,7:R2=+0.414  7,13:R2=+0.540 (96s)
ep 12 loss 0.0017 | 4,7:R2=+0.489  7,13:R2=-0.144 (98s)
ep 13 loss 0.0017 | 4,7:R2=+0.789  7,13:R2=+0.262 (96s)
ep 14 loss 0.0016 | 4,7:R2=+0.522  7,13:R2=-0.515 (97s)
ep 15 loss 0.0015 | 4,7:R2=+0.534  7,13:R2=-0.599 (83s)
ep 16 loss 0.0015 | 4,7:R2=+0.743  7,13:R2=+0.061 (85s)
ep 17 loss 0.0014 | 4,7:R2=+0.389  7,13:R2=+0.492 (85s)
ep 18 loss 0.0014 | 4,7:R2=+0.555  7,13:R2=+0.509 (83s)
ep 19 loss 0.0014 | 4,7:R2=+0.551  7,13:R2=-0.472 (83s)
ep 20 loss 0.0013 | 4,7:R2=+0.402  7,13:R2=-0.237 (85s)
ep 21 loss 0.0013 | 4,7:R2=+0.629  7,13:R2=+0.739 (86s)
ep 22 loss 0.0012 | 4,7:R2=+0.547  7,13:R2=+0.529 (91s)
ep 23 loss 0.0012 | 4,7:R2=+0.328  7,13:R2=+0.727 (91s)
ep 24 loss 0.0012 | 4,7:R2=+0.580  7,13:R2=+0.223 (80s)
ep 25 loss 0.0011 | 4,7:R2=+0.502  7,13:R2=+0.467 (79s)
ep 26 loss 0.0011 | 4,7:R2=+0.648  7,13:R2=+0.245 (80s)
ep 27 loss 0.0011 | 4,7:R2=+0.709  7,13:R2=+0.162 (79s)
ep 28 loss 0.0010 | 4,7:R2=+0.489  7,13:R2=-0.071 (78s)
ep 29 loss 0.0010 | 4,7:R2=+0.606  7,13:R2=+0.458 (78s)
ep 30 loss 0.0010 | 4,7:R2=+0.642  7,13:R2=+0.054 (79s)
ep 31 loss 0.0010 | 4,7:R2=+0.708  7,13:R2=+0.156 (78s)
ep 32 loss 0.0009 | 4,7:R2=+0.548  7,13:R2=+0.394 (78s)
ep 33 loss 0.0009 | 4,7:R2=+0.647  7,13:R2=+0.502 (78s)
ep 34 loss 0.0009 | 4,7:R2=+0.599  7,13:R2=-0.039 (78s)
ep 35 loss 0.0009 | 4,7:R2=+0.631  7,13:R2=+0.320 (78s)
ep 36 loss 0.0008 | 4,7:R2=+0.550  7,13:R2=-0.032 (78s)
ep 37 loss 0.0008 | 4,7:R2=+0.594  7,13:R2=+0.299 (78s)
ep 38 loss 0.0008 | 4,7:R2=+0.607  7,13:R2=+0.009 (78s)
ep 39 loss 0.0008 | 4,7:R2=+0.561  7,13:R2=+0.013 (78s)
ep 40 loss 0.0008 | 4,7:R2=+0.610  7,13:R2=+0.148 (78s)
ep 41 loss 0.0007 | 4,7:R2=+0.561  7,13:R2=+0.201 (78s)
ep 42 loss 0.0007 | 4,7:R2=+0.551  7,13:R2=+0.051 (78s)
ep 43 loss 0.0007 | 4,7:R2=+0.545  7,13:R2=+0.282 (78s)
ep 44 loss 0.0007 | 4,7:R2=+0.594  7,13:R2=+0.321 (79s)
ep 45 loss 0.0007 | 4,7:R2=+0.559  7,13:R2=+0.243 (79s)
ep 46 loss 0.0007 | 4,7:R2=+0.537  7,13:R2=+0.272 (78s)
ep 47 loss 0.0007 | 4,7:R2=+0.557  7,13:R2=+0.247 (79s)
ep 48 loss 0.0007 | 4,7:R2=+0.582  7,13:R2=+0.191 (79s)
ep 49 loss 0.0007 | 4,7:R2=+0.548  7,13:R2=+0.197 (79s)
ep 50 loss 0.0007 | 4,7:R2=+0.551  7,13:R2=+0.242 (79s)
history -> checkpoints/imp_attn_impedance.history.json
