omegas (rad/s): ['0.000e+00', '5.620e+09', '2.810e+10']
train 16000 | val 2000 | test 2000
precomputing factors (train)
  factors <- datasets/regular_v7_anchors/_factors/train_m16_q2_f3_c9.pt
precomputing factors (val)
  factors <- datasets/regular_v7_anchors/_factors/val_m16_q2_f3_c9.pt
precomputing factors (test)
  factors <- datasets/regular_v7_anchors/_factors/test_m16_q2_f3_c9.pt
init bias (mean log10 droop): -3.601
ablation=combined | params 33,129
ep  1 loss 0.0048 | 4,7:R2=+0.748  7,13:R2=+0.762 | val +0.675 (102s)
ep  2 loss 0.0018 | 4,7:R2=+0.825  7,13:R2=+0.465 | val +0.862 (143s)
ep  3 loss 0.0015 | 4,7:R2=+0.554  7,13:R2=+0.296 | val +0.887 (149s)
ep  4 loss 0.0013 | 4,7:R2=+0.516  7,13:R2=-0.067 | val +0.929 (153s)
ep  5 loss 0.0011 | 4,7:R2=-0.186  7,13:R2=-0.686 | val +0.874 (140s)
ep  6 loss 0.0010 | 4,7:R2=+0.351  7,13:R2=-0.494 | val +0.908 (143s)
ep  7 loss 0.0010 | 4,7:R2=+0.658  7,13:R2=+0.352 | val +0.806 (161s)
ep  8 loss 0.0009 | 4,7:R2=+0.623  7,13:R2=+0.750 | val +0.830 (161s)
ep  9 loss 0.0009 | 4,7:R2=+0.367  7,13:R2=+0.369 | val +0.913 (158s)
ep 10 loss 0.0008 | 4,7:R2=-0.261  7,13:R2=-0.301 | val +0.890 (160s)
ep 11 loss 0.0008 | 4,7:R2=+0.532  7,13:R2=-0.333 | val +0.937 (163s)
ep 12 loss 0.0008 | 4,7:R2=+0.419  7,13:R2=+0.029 | val +0.934 (148s)
ep 13 loss 0.0008 | 4,7:R2=+0.328  7,13:R2=+0.225 | val +0.904 (166s)
ep 14 loss 0.0007 | 4,7:R2=-0.037  7,13:R2=-0.817 | val +0.938 (161s)
ep 15 loss 0.0007 | 4,7:R2=-0.152  7,13:R2=-1.009 | val +0.880 (155s)
ep 16 loss 0.0007 | 4,7:R2=-0.233  7,13:R2=+0.101 | val +0.931 (159s)
ep 17 loss 0.0007 | 4,7:R2=+0.574  7,13:R2=+0.448 | val +0.928 (158s)
ep 18 loss 0.0006 | 4,7:R2=+0.466  7,13:R2=+0.266 | val +0.916 (163s)
ep 19 loss 0.0006 | 4,7:R2=+0.168  7,13:R2=-1.100 | val +0.926 (157s)
ep 20 loss 0.0006 | 4,7:R2=+0.597  7,13:R2=+0.037 | val +0.917 (161s)
ep 21 loss 0.0006 | 4,7:R2=-0.067  7,13:R2=-0.897 | val +0.944 (158s)
ep 22 loss 0.0006 | 4,7:R2=-0.517  7,13:R2=-1.182 | val +0.933 (158s)
ep 23 loss 0.0005 | 4,7:R2=+0.546  7,13:R2=-0.115 | val +0.947 (158s)
ep 24 loss 0.0005 | 4,7:R2=-0.082  7,13:R2=-0.682 | val +0.941 (162s)
ep 25 loss 0.0005 | 4,7:R2=-0.179  7,13:R2=-0.142 | val +0.944 (164s)
ep 26 loss 0.0005 | 4,7:R2=+0.087  7,13:R2=-0.557 | val +0.948 (157s)
ep 27 loss 0.0005 | 4,7:R2=-0.097  7,13:R2=-0.363 | val +0.949 (161s)
ep 28 loss 0.0005 | 4,7:R2=+0.565  7,13:R2=+0.643 | val +0.943 (156s)
ep 29 loss 0.0005 | 4,7:R2=+0.263  7,13:R2=+0.283 | val +0.959 (159s)
ep 30 loss 0.0004 | 4,7:R2=+0.098  7,13:R2=-0.103 | val +0.960 (158s)
ep 31 loss 0.0004 | 4,7:R2=+0.202  7,13:R2=-0.089 | val +0.953 (159s)
ep 32 loss 0.0004 | 4,7:R2=+0.505  7,13:R2=+0.143 | val +0.946 (156s)
ep 33 loss 0.0004 | 4,7:R2=+0.280  7,13:R2=+0.127 | val +0.962 (156s)
ep 34 loss 0.0004 | 4,7:R2=+0.359  7,13:R2=-0.484 | val +0.959 (159s)
ep 35 loss 0.0004 | 4,7:R2=+0.290  7,13:R2=+0.106 | val +0.964 (156s)
ep 36 loss 0.0004 | 4,7:R2=+0.328  7,13:R2=+0.191 | val +0.962 (157s)
ep 37 loss 0.0004 | 4,7:R2=+0.267  7,13:R2=-0.162 | val +0.963 (152s)
ep 38 loss 0.0004 | 4,7:R2=+0.452  7,13:R2=+0.128 | val +0.964 (150s)
ep 39 loss 0.0003 | 4,7:R2=+0.408  7,13:R2=-0.275 | val +0.965 (148s)
ep 40 loss 0.0003 | 4,7:R2=+0.406  7,13:R2=-0.013 | val +0.966 (150s)
ep 41 loss 0.0003 | 4,7:R2=+0.488  7,13:R2=+0.405 | val +0.966 (149s)
ep 42 loss 0.0003 | 4,7:R2=+0.349  7,13:R2=-0.299 | val +0.967 (149s)
ep 43 loss 0.0003 | 4,7:R2=+0.406  7,13:R2=-0.137 | val +0.968 (149s)
ep 44 loss 0.0003 | 4,7:R2=+0.406  7,13:R2=-0.098 | val +0.968 (149s)
ep 45 loss 0.0003 | 4,7:R2=+0.398  7,13:R2=-0.145 | val +0.968 (149s)
ep 46 loss 0.0003 | 4,7:R2=+0.412  7,13:R2=-0.192 | val +0.969 (150s)
ep 47 loss 0.0003 | 4,7:R2=+0.403  7,13:R2=-0.246 | val +0.969 (153s)
ep 48 loss 0.0003 | 4,7:R2=+0.389  7,13:R2=-0.227 | val +0.968 (161s)
ep 49 loss 0.0003 | 4,7:R2=+0.427  7,13:R2=-0.188 | val +0.969 (159s)
ep 50 loss 0.0003 | 4,7:R2=+0.417  7,13:R2=-0.182 | val +0.969 (157s)

selected epoch 50 (val +0.969) -> checkpoints/imp_attn_bilinear_s0.pt
  its test per-anchor: 4,7:R2=+0.417  7,13:R2=-0.182
  last epoch for reference: 4,7:R2=+0.417  7,13:R2=-0.182
history -> checkpoints/imp_attn_bilinear_s0.history.json
