omegas (rad/s): ['0.000e+00', '5.620e+09', '2.810e+10']
train 16000 | val 2000 | test 2000
precomputing factors (train)
  factors <- datasets/regular_v7_anchors/_factors/train_m16_q2_f3_c9_fdc.pt
precomputing factors (val)
  factors <- datasets/regular_v7_anchors/_factors/val_m16_q2_f3_c9_fdc.pt
precomputing factors (test)
  factors <- datasets/regular_v7_anchors/_factors/test_m16_q2_f3_c9_fdc.pt
init bias (mean log10 droop): -3.601
ablation=combined | params 33,673
ep  1 loss 0.0046 | 4,7:R2=+0.730  7,13:R2=+0.718 | val +0.776 (580s)
ep  2 loss 0.0019 | 4,7:R2=+0.773  7,13:R2=+0.179 | val +0.830 (617s)
ep  3 loss 0.0015 | 4,7:R2=+0.399  7,13:R2=-0.164 | val +0.906 (623s)
ep  4 loss 0.0012 | 4,7:R2=+0.381  7,13:R2=-1.001 | val +0.914 (630s)
ep  5 loss 0.0011 | 4,7:R2=-0.457  7,13:R2=-1.881 | val +0.854 (627s)
ep  6 loss 0.0011 | 4,7:R2=+0.294  7,13:R2=-0.203 | val +0.910 (626s)
ep  7 loss 0.0010 | 4,7:R2=+0.654  7,13:R2=+0.271 | val +0.799 (612s)
ep  8 loss 0.0010 | 4,7:R2=+0.433  7,13:R2=+0.149 | val +0.889 (600s)
ep  9 loss 0.0009 | 4,7:R2=+0.083  7,13:R2=-0.598 | val +0.903 (601s)
ep 10 loss 0.0009 | 4,7:R2=-0.110  7,13:R2=-0.662 | val +0.917 (611s)
ep 11 loss 0.0008 | 4,7:R2=+0.366  7,13:R2=-0.376 | val +0.915 (606s)
ep 12 loss 0.0008 | 4,7:R2=+0.204  7,13:R2=-0.508 | val +0.930 (614s)
ep 13 loss 0.0008 | 4,7:R2=+0.365  7,13:R2=-0.055 | val +0.911 (564s)
ep 14 loss 0.0007 | 4,7:R2=-0.065  7,13:R2=-1.864 | val +0.930 (500s)
ep 15 loss 0.0007 | 4,7:R2=+0.384  7,13:R2=-0.747 | val +0.903 (502s)
ep 16 loss 0.0007 | 4,7:R2=+0.038  7,13:R2=-0.422 | val +0.930 (500s)
ep 17 loss 0.0007 | 4,7:R2=+0.203  7,13:R2=-0.316 | val +0.922 (488s)
ep 18 loss 0.0007 | 4,7:R2=+0.524  7,13:R2=+0.219 | val +0.886 (499s)
ep 19 loss 0.0006 | 4,7:R2=+0.061  7,13:R2=-1.889 | val +0.917 (491s)
ep 20 loss 0.0006 | 4,7:R2=+0.706  7,13:R2=-0.025 | val +0.899 (489s)
ep 21 loss 0.0006 | 4,7:R2=+0.181  7,13:R2=-1.466 | val +0.930 (522s)
ep 22 loss 0.0006 | 4,7:R2=-0.100  7,13:R2=-0.889 | val +0.932 (516s)
ep 23 loss 0.0006 | 4,7:R2=+0.661  7,13:R2=-0.051 | val +0.919 (721s)
ep 24 loss 0.0005 | 4,7:R2=+0.203  7,13:R2=-0.796 | val +0.946 (504s)
ep 25 loss 0.0005 | 4,7:R2=+0.208  7,13:R2=-0.945 | val +0.940 (717s)
ep 26 loss 0.0005 | 4,7:R2=+0.267  7,13:R2=-0.940 | val +0.951 (820s)
ep 27 loss 0.0005 | 4,7:R2=+0.130  7,13:R2=-0.248 | val +0.935 (802s)
ep 28 loss 0.0005 | 4,7:R2=+0.467  7,13:R2=-0.258 | val +0.954 (712s)
ep 29 loss 0.0005 | 4,7:R2=+0.385  7,13:R2=-0.355 | val +0.957 (678s)
ep 30 loss 0.0004 | 4,7:R2=+0.510  7,13:R2=-0.393 | val +0.960 (664s)
ep 31 loss 0.0004 | 4,7:R2=+0.305  7,13:R2=-0.208 | val +0.954 (698s)
ep 32 loss 0.0004 | 4,7:R2=+0.562  7,13:R2=-0.352 | val +0.957 (694s)
ep 33 loss 0.0004 | 4,7:R2=+0.456  7,13:R2=-0.431 | val +0.962 (692s)
ep 34 loss 0.0004 | 4,7:R2=+0.589  7,13:R2=-0.382 | val +0.957 (652s)
ep 35 loss 0.0004 | 4,7:R2=+0.478  7,13:R2=-0.304 | val +0.964 (655s)
ep 36 loss 0.0003 | 4,7:R2=+0.559  7,13:R2=-0.332 | val +0.965 (677s)
ep 37 loss 0.0003 | 4,7:R2=+0.565  7,13:R2=-0.485 | val +0.966 (671s)
ep 38 loss 0.0003 | 4,7:R2=+0.454  7,13:R2=-0.919 | val +0.964 (674s)
ep 39 loss 0.0003 | 4,7:R2=+0.700  7,13:R2=-0.218 | val +0.965 (682s)
ep 40 loss 0.0003 | 4,7:R2=+0.616  7,13:R2=-0.293 | val +0.968 (701s)
ep 41 loss 0.0003 | 4,7:R2=+0.510  7,13:R2=-0.470 | val +0.969 (701s)
ep 42 loss 0.0003 | 4,7:R2=+0.614  7,13:R2=-0.405 | val +0.970 (586s)
ep 43 loss 0.0003 | 4,7:R2=+0.582  7,13:R2=-0.554 | val +0.971 (597s)
ep 44 loss 0.0002 | 4,7:R2=+0.532  7,13:R2=-0.688 | val +0.973 (593s)
ep 45 loss 0.0002 | 4,7:R2=+0.598  7,13:R2=-0.469 | val +0.971 (603s)
ep 46 loss 0.0002 | 4,7:R2=+0.527  7,13:R2=-0.794 | val +0.973 (594s)
ep 47 loss 0.0002 | 4,7:R2=+0.545  7,13:R2=-0.648 | val +0.973 (593s)
ep 48 loss 0.0002 | 4,7:R2=+0.540  7,13:R2=-0.812 | val +0.974 (591s)
ep 49 loss 0.0002 | 4,7:R2=+0.569  7,13:R2=-0.732 | val +0.974 (576s)
ep 50 loss 0.0002 | 4,7:R2=+0.555  7,13:R2=-0.732 | val +0.974 (579s)

selected epoch 50 (val +0.974) -> checkpoints/imp_attn_kernel512_s0.pt
  its test per-anchor: 4,7:R2=+0.555  7,13:R2=-0.732
  last epoch for reference: 4,7:R2=+0.555  7,13:R2=-0.732
history -> checkpoints/imp_attn_kernel512_s0.history.json
