omegas (rad/s): ['0.000e+00', '5.620e+09', '2.810e+10']
train 16000 | test 2000
precomputing factors (train)
  factors <- datasets/regular_v7_anchors/_factors/train_m16_q2_f3_c9.pt
precomputing factors (test)
  factors <- datasets/regular_v7_anchors/_factors/test_m16_q2_f3_c9.pt
init bias (mean log10 droop): -3.601
ablation=content | params 32,617
ep  1 loss 0.0124 | 4,7:R2=+0.352  7,13:R2=+0.367 (42s)
ep  2 loss 0.0073 | 4,7:R2=+0.452  7,13:R2=+0.670 (43s)
ep  3 loss 0.0068 | 4,7:R2=+0.298  7,13:R2=+0.609 (49s)
ep  4 loss 0.0064 | 4,7:R2=+0.719  7,13:R2=+0.846 (45s)
ep  5 loss 0.0062 | 4,7:R2=+0.566  7,13:R2=+0.690 (41s)
ep  6 loss 0.0061 | 4,7:R2=+0.281  7,13:R2=+0.767 (41s)
ep  7 loss 0.0060 | 4,7:R2=+0.524  7,13:R2=+0.460 (42s)
ep  8 loss 0.0058 | 4,7:R2=+0.781  7,13:R2=+0.796 (42s)
ep  9 loss 0.0056 | 4,7:R2=+0.801  7,13:R2=+0.816 (42s)
ep 10 loss 0.0055 | 4,7:R2=+0.634  7,13:R2=+0.352 (41s)
ep 11 loss 0.0054 | 4,7:R2=+0.760  7,13:R2=+0.630 (42s)
ep 12 loss 0.0053 | 4,7:R2=+0.417  7,13:R2=-1.597 (42s)
ep 13 loss 0.0052 | 4,7:R2=+0.776  7,13:R2=+0.613 (46s)
ep 14 loss 0.0052 | 4,7:R2=+0.768  7,13:R2=-1.059 (49s)
ep 15 loss 0.0051 | 4,7:R2=+0.718  7,13:R2=-0.552 (43s)
ep 16 loss 0.0051 | 4,7:R2=+0.837  7,13:R2=+0.810 (41s)
ep 17 loss 0.0051 | 4,7:R2=+0.860  7,13:R2=+0.881 (41s)
ep 18 loss 0.0050 | 4,7:R2=+0.838  7,13:R2=+0.606 (48s)
ep 19 loss 0.0050 | 4,7:R2=+0.767  7,13:R2=+0.427 (45s)
ep 20 loss 0.0050 | 4,7:R2=+0.783  7,13:R2=+0.817 (46s)
ep 21 loss 0.0049 | 4,7:R2=+0.860  7,13:R2=+0.775 (50s)
ep 22 loss 0.0049 | 4,7:R2=+0.815  7,13:R2=+0.654 (49s)
ep 23 loss 0.0049 | 4,7:R2=+0.814  7,13:R2=+0.775 (48s)
ep 24 loss 0.0048 | 4,7:R2=+0.832  7,13:R2=+0.732 (48s)
ep 25 loss 0.0048 | 4,7:R2=+0.823  7,13:R2=+0.873 (46s)
ep 26 loss 0.0048 | 4,7:R2=+0.843  7,13:R2=+0.716 (43s)
ep 27 loss 0.0048 | 4,7:R2=+0.864  7,13:R2=+0.706 (42s)
ep 28 loss 0.0047 | 4,7:R2=+0.832  7,13:R2=+0.550 (43s)
ep 29 loss 0.0047 | 4,7:R2=+0.875  7,13:R2=+0.749 (43s)
ep 30 loss 0.0047 | 4,7:R2=+0.826  7,13:R2=+0.336 (43s)
ep 31 loss 0.0047 | 4,7:R2=+0.894  7,13:R2=-0.193 (43s)
ep 32 loss 0.0046 | 4,7:R2=+0.850  7,13:R2=+0.673 (52s)
ep 33 loss 0.0046 | 4,7:R2=+0.864  7,13:R2=+0.804 (53s)
ep 34 loss 0.0046 | 4,7:R2=+0.793  7,13:R2=+0.312 (45s)
ep 35 loss 0.0046 | 4,7:R2=+0.809  7,13:R2=+0.672 (43s)
ep 36 loss 0.0046 | 4,7:R2=+0.850  7,13:R2=+0.622 (42s)
ep 37 loss 0.0046 | 4,7:R2=+0.836  7,13:R2=+0.638 (41s)
ep 38 loss 0.0045 | 4,7:R2=+0.753  7,13:R2=+0.449 (41s)
ep 39 loss 0.0045 | 4,7:R2=+0.756  7,13:R2=+0.438 (41s)
ep 40 loss 0.0045 | 4,7:R2=+0.832  7,13:R2=+0.523 (41s)
ep 41 loss 0.0045 | 4,7:R2=+0.799  7,13:R2=+0.610 (41s)
ep 42 loss 0.0045 | 4,7:R2=+0.805  7,13:R2=+0.639 (41s)
ep 43 loss 0.0045 | 4,7:R2=+0.763  7,13:R2=+0.489 (41s)
ep 44 loss 0.0045 | 4,7:R2=+0.779  7,13:R2=+0.478 (41s)
ep 45 loss 0.0045 | 4,7:R2=+0.775  7,13:R2=+0.553 (40s)
ep 46 loss 0.0045 | 4,7:R2=+0.774  7,13:R2=+0.507 (40s)
ep 47 loss 0.0044 | 4,7:R2=+0.797  7,13:R2=+0.392 (40s)
ep 48 loss 0.0044 | 4,7:R2=+0.780  7,13:R2=+0.348 (40s)
ep 49 loss 0.0044 | 4,7:R2=+0.787  7,13:R2=+0.337 (40s)
ep 50 loss 0.0044 | 4,7:R2=+0.779  7,13:R2=+0.368 (40s)
history -> checkpoints/imp_attn_content.history.json
