omegas (rad/s): ['0.000e+00', '5.620e+09', '2.810e+10']
train 16000 | test 2000
precomputing factors (train)
  factors <- datasets/regular_v7_anchors/_factors/train_m16_q2_f3_c9.pt
precomputing factors (test)
  factors <- datasets/regular_v7_anchors/_factors/test_m16_q2_f3_c9.pt
init bias (mean log10 droop): -3.601
ablation=combined | params 32,617
ep  1 loss 0.0094 | 4,7:R2=+0.503  7,13:R2=+0.539 (97s)
ep  2 loss 0.0039 | 4,7:R2=+0.611  7,13:R2=-0.415 (100s)
ep  3 loss 0.0030 | 4,7:R2=+0.550  7,13:R2=+0.020 (101s)
ep  4 loss 0.0027 | 4,7:R2=+0.509  7,13:R2=-0.250 (100s)
ep  5 loss 0.0024 | 4,7:R2=+0.733  7,13:R2=+0.061 (100s)
ep  6 loss 0.0022 | 4,7:R2=+0.687  7,13:R2=+0.527 (101s)
ep  7 loss 0.0020 | 4,7:R2=+0.574  7,13:R2=+0.496 (101s)
ep  8 loss 0.0019 | 4,7:R2=+0.682  7,13:R2=+0.227 (103s)
ep  9 loss 0.0017 | 4,7:R2=+0.708  7,13:R2=+0.477 (103s)
ep 10 loss 0.0016 | 4,7:R2=+0.722  7,13:R2=+0.160 (102s)
ep 11 loss 0.0015 | 4,7:R2=+0.493  7,13:R2=+0.344 (101s)
ep 12 loss 0.0014 | 4,7:R2=+0.540  7,13:R2=+0.051 (101s)
ep 13 loss 0.0014 | 4,7:R2=+0.776  7,13:R2=+0.264 (101s)
ep 14 loss 0.0013 | 4,7:R2=+0.686  7,13:R2=-0.078 (101s)
ep 15 loss 0.0012 | 4,7:R2=+0.608  7,13:R2=-0.338 (101s)
ep 16 loss 0.0011 | 4,7:R2=+0.703  7,13:R2=+0.276 (101s)
ep 17 loss 0.0010 | 4,7:R2=+0.495  7,13:R2=+0.391 (101s)
ep 18 loss 0.0010 | 4,7:R2=+0.521  7,13:R2=+0.396 (101s)
ep 19 loss 0.0009 | 4,7:R2=+0.616  7,13:R2=-0.116 (101s)
ep 20 loss 0.0009 | 4,7:R2=+0.525  7,13:R2=-0.056 (101s)
ep 21 loss 0.0008 | 4,7:R2=+0.582  7,13:R2=+0.292 (101s)
ep 22 loss 0.0008 | 4,7:R2=+0.598  7,13:R2=+0.274 (101s)
ep 23 loss 0.0007 | 4,7:R2=+0.551  7,13:R2=+0.201 (101s)
ep 24 loss 0.0007 | 4,7:R2=+0.581  7,13:R2=+0.129 (101s)
ep 25 loss 0.0007 | 4,7:R2=+0.579  7,13:R2=+0.195 (101s)
history -> checkpoints/imp_attn_combined_peak.history.json
