omegas (rad/s): ['0.000e+00', '5.620e+09', '2.810e+10']
train 16000 | val 2000 | test 2000
precomputing factors (train)
  factors <- datasets/regular_v7_anchors/_factors/train_m16_q2_f3_c9_fdc.pt
precomputing factors (val)
  factors <- datasets/regular_v7_anchors/_factors/val_m16_q2_f3_c9_fdc.pt
precomputing factors (test)
  factors <- datasets/regular_v7_anchors/_factors/test_m16_q2_f3_c9_fdc.pt
init bias (mean log10 droop): -3.601
ablation=combined | params 33,673
ep  1 loss 0.0046 | 4,7:R2=+0.621  7,13:R2=+0.456 | val +0.786 (306s)
ep  2 loss 0.0018 | 4,7:R2=+0.691  7,13:R2=+0.447 | val +0.817 (327s)
ep  3 loss 0.0014 | 4,7:R2=+0.322  7,13:R2=-0.143 | val +0.853 (333s)
ep  4 loss 0.0012 | 4,7:R2=+0.290  7,13:R2=-0.669 | val +0.907 (342s)
ep  5 loss 0.0011 | 4,7:R2=-0.653  7,13:R2=-2.378 | val +0.863 (340s)
ep  6 loss 0.0011 | 4,7:R2=+0.053  7,13:R2=-1.064 | val +0.920 (336s)
ep  7 loss 0.0010 | 4,7:R2=+0.555  7,13:R2=+0.211 | val +0.734 (348s)
ep  8 loss 0.0009 | 4,7:R2=+0.210  7,13:R2=-0.296 | val +0.897 (348s)
ep  9 loss 0.0009 | 4,7:R2=-0.030  7,13:R2=-1.036 | val +0.907 (347s)
ep 10 loss 0.0008 | 4,7:R2=-0.532  7,13:R2=-1.179 | val +0.888 (346s)
ep 11 loss 0.0008 | 4,7:R2=+0.410  7,13:R2=-0.763 | val +0.928 (351s)
ep 12 loss 0.0008 | 4,7:R2=-0.069  7,13:R2=-0.745 | val +0.911 (364s)
ep 13 loss 0.0008 | 4,7:R2=+0.260  7,13:R2=-0.042 | val +0.910 (354s)
ep 14 loss 0.0007 | 4,7:R2=-0.099  7,13:R2=-1.956 | val +0.918 (357s)
ep 15 loss 0.0007 | 4,7:R2=+0.151  7,13:R2=-1.486 | val +0.905 (356s)
ep 16 loss 0.0007 | 4,7:R2=+0.018  7,13:R2=-0.144 | val +0.926 (355s)
ep 17 loss 0.0007 | 4,7:R2=+0.284  7,13:R2=-0.162 | val +0.929 (345s)
ep 18 loss 0.0006 | 4,7:R2=+0.485  7,13:R2=+0.200 | val +0.903 (335s)
ep 19 loss 0.0006 | 4,7:R2=-0.331  7,13:R2=-1.995 | val +0.873 (332s)
ep 20 loss 0.0006 | 4,7:R2=+0.538  7,13:R2=-0.005 | val +0.927 (331s)
ep 21 loss 0.0006 | 4,7:R2=+0.081  7,13:R2=-0.884 | val +0.946 (336s)
ep 22 loss 0.0006 | 4,7:R2=-0.331  7,13:R2=-0.547 | val +0.930 (352s)
ep 23 loss 0.0005 | 4,7:R2=+0.631  7,13:R2=+0.376 | val +0.921 (306s)
ep 24 loss 0.0005 | 4,7:R2=+0.125  7,13:R2=-0.843 | val +0.948 (265s)
ep 25 loss 0.0005 | 4,7:R2=-0.060  7,13:R2=-0.634 | val +0.947 (260s)
ep 26 loss 0.0005 | 4,7:R2=+0.123  7,13:R2=-0.550 | val +0.945 (259s)
ep 27 loss 0.0005 | 4,7:R2=-0.136  7,13:R2=-0.208 | val +0.902 (259s)
ep 28 loss 0.0005 | 4,7:R2=+0.171  7,13:R2=-0.539 | val +0.954 (260s)
ep 29 loss 0.0004 | 4,7:R2=+0.187  7,13:R2=-0.273 | val +0.956 (256s)
ep 30 loss 0.0004 | 4,7:R2=+0.327  7,13:R2=-0.489 | val +0.961 (259s)
ep 31 loss 0.0004 | 4,7:R2=+0.077  7,13:R2=-0.379 | val +0.950 (262s)
ep 32 loss 0.0004 | 4,7:R2=+0.439  7,13:R2=-0.170 | val +0.959 (253s)
ep 33 loss 0.0004 | 4,7:R2=+0.204  7,13:R2=-0.531 | val +0.959 (250s)
ep 34 loss 0.0004 | 4,7:R2=+0.381  7,13:R2=-0.705 | val +0.958 (252s)
ep 35 loss 0.0004 | 4,7:R2=+0.320  7,13:R2=-0.180 | val +0.964 (248s)
ep 36 loss 0.0004 | 4,7:R2=+0.381  7,13:R2=-0.403 | val +0.962 (247s)
ep 37 loss 0.0003 | 4,7:R2=+0.413  7,13:R2=-0.427 | val +0.966 (242s)
ep 38 loss 0.0003 | 4,7:R2=+0.226  7,13:R2=-0.892 | val +0.965 (286s)
ep 39 loss 0.0003 | 4,7:R2=+0.526  7,13:R2=-0.384 | val +0.967 (258s)
ep 40 loss 0.0003 | 4,7:R2=+0.500  7,13:R2=-0.198 | val +0.968 (264s)
ep 41 loss 0.0003 | 4,7:R2=+0.339  7,13:R2=-0.450 | val +0.969 (283s)
ep 42 loss 0.0003 | 4,7:R2=+0.447  7,13:R2=-0.301 | val +0.965 (440s)
ep 43 loss 0.0003 | 4,7:R2=+0.472  7,13:R2=-0.500 | val +0.969 (323s)
ep 44 loss 0.0003 | 4,7:R2=+0.415  7,13:R2=-0.611 | val +0.969 (266s)
ep 45 loss 0.0003 | 4,7:R2=+0.457  7,13:R2=-0.403 | val +0.970 (258s)
ep 46 loss 0.0003 | 4,7:R2=+0.433  7,13:R2=-0.521 | val +0.972 (426s)
ep 47 loss 0.0003 | 4,7:R2=+0.451  7,13:R2=-0.410 | val +0.970 (419s)
ep 48 loss 0.0003 | 4,7:R2=+0.411  7,13:R2=-0.648 | val +0.972 (435s)
ep 49 loss 0.0003 | 4,7:R2=+0.458  7,13:R2=-0.522 | val +0.971 (434s)
ep 50 loss 0.0003 | 4,7:R2=+0.445  7,13:R2=-0.493 | val +0.972 (417s)

selected epoch 48 (val +0.972) -> checkpoints/imp_attn_kernel128_s0.pt
  its test per-anchor: 4,7:R2=+0.411  7,13:R2=-0.648
  last epoch for reference: 4,7:R2=+0.445  7,13:R2=-0.493
history -> checkpoints/imp_attn_kernel128_s0.history.json
