omegas (rad/s): ['0.000e+00', '5.620e+09', '2.810e+10']
train 16000 | test 2000
precomputing factors (train)
  factors <- datasets/regular_v7_anchors/_factors/train_m16_q2_f3_c9.pt
precomputing factors (test)
  factors <- datasets/regular_v7_anchors/_factors/test_m16_q2_f3_c9.pt
init bias (mean log10 droop): -3.601
ablation=content | params 32,617
ep  1 loss 0.0123 | 4,7:R2=+0.374  7,13:R2=+0.328 (37s)
ep  2 loss 0.0073 | 4,7:R2=+0.323  7,13:R2=-0.624 (37s)
ep  3 loss 0.0067 | 4,7:R2=+0.345  7,13:R2=-0.448 (37s)
ep  4 loss 0.0064 | 4,7:R2=+0.671  7,13:R2=+0.786 (37s)
ep  5 loss 0.0062 | 4,7:R2=+0.750  7,13:R2=+0.558 (38s)
ep  6 loss 0.0060 | 4,7:R2=-0.262  7,13:R2=+0.521 (38s)
ep  7 loss 0.0059 | 4,7:R2=-0.228  7,13:R2=+0.250 (39s)
ep  8 loss 0.0057 | 4,7:R2=+0.542  7,13:R2=+0.455 (39s)
ep  9 loss 0.0055 | 4,7:R2=+0.763  7,13:R2=+0.771 (39s)
ep 10 loss 0.0054 | 4,7:R2=+0.777  7,13:R2=+0.065 (39s)
ep 11 loss 0.0052 | 4,7:R2=+0.773  7,13:R2=+0.450 (39s)
ep 12 loss 0.0051 | 4,7:R2=+0.846  7,13:R2=-0.257 (39s)
ep 13 loss 0.0051 | 4,7:R2=+0.846  7,13:R2=-0.193 (39s)
ep 14 loss 0.0050 | 4,7:R2=+0.852  7,13:R2=-1.257 (39s)
ep 15 loss 0.0049 | 4,7:R2=+0.855  7,13:R2=-0.649 (39s)
ep 16 loss 0.0049 | 4,7:R2=+0.842  7,13:R2=-0.244 (39s)
ep 17 loss 0.0048 | 4,7:R2=+0.854  7,13:R2=-0.594 (39s)
ep 18 loss 0.0048 | 4,7:R2=+0.850  7,13:R2=-0.462 (39s)
ep 19 loss 0.0047 | 4,7:R2=+0.838  7,13:R2=-2.008 (39s)
ep 20 loss 0.0047 | 4,7:R2=+0.800  7,13:R2=-0.771 (39s)
ep 21 loss 0.0047 | 4,7:R2=+0.815  7,13:R2=-0.455 (39s)
ep 22 loss 0.0046 | 4,7:R2=+0.817  7,13:R2=-0.490 (39s)
ep 23 loss 0.0046 | 4,7:R2=+0.794  7,13:R2=-0.728 (39s)
ep 24 loss 0.0046 | 4,7:R2=+0.810  7,13:R2=-0.822 (39s)
ep 25 loss 0.0046 | 4,7:R2=+0.800  7,13:R2=-0.781 (39s)
history -> checkpoints/imp_attn_content_peak.history.json
