device: cuda:0, target_space: log
params: 1,124,385
epoch   1  train_loss=0.0870  val_loss=0.0050  val_mae=0.037 mV  val_R²=0.9330  worst_mae=0.047 mV
epoch   2  train_loss=0.0042  val_loss=0.0020  val_mae=0.022 mV  val_R²=0.9783  worst_mae=0.024 mV
epoch   3  train_loss=0.0016  val_loss=0.0007  val_mae=0.015 mV  val_R²=0.9888  worst_mae=0.017 mV
epoch   4  train_loss=0.0008  val_loss=0.0012  val_mae=0.022 mV  val_R²=0.9782  worst_mae=0.027 mV
epoch   5  train_loss=0.0006  val_loss=0.0004  val_mae=0.011 mV  val_R²=0.9934  worst_mae=0.015 mV
epoch   6  train_loss=0.0006  val_loss=0.0004  val_mae=0.013 mV  val_R²=0.9908  worst_mae=0.016 mV
epoch   7  train_loss=0.0005  val_loss=0.0007  val_mae=0.016 mV  val_R²=0.9878  worst_mae=0.020 mV
epoch   8  train_loss=0.0005  val_loss=0.0004  val_mae=0.011 mV  val_R²=0.9928  worst_mae=0.015 mV
epoch   9  train_loss=0.0007  val_loss=0.0008  val_mae=0.019 mV  val_R²=0.9838  worst_mae=0.023 mV
epoch  10  train_loss=0.0004  val_loss=0.0004  val_mae=0.011 mV  val_R²=0.9934  worst_mae=0.018 mV
epoch  11  train_loss=0.0004  val_loss=0.0003  val_mae=0.011 mV  val_R²=0.9942  worst_mae=0.014 mV
epoch  12  train_loss=0.0004  val_loss=0.0007  val_mae=0.018 mV  val_R²=0.9848  worst_mae=0.022 mV
epoch  13  train_loss=0.0004  val_loss=0.0006  val_mae=0.016 mV  val_R²=0.9892  worst_mae=0.020 mV
epoch  14  train_loss=0.0004  val_loss=0.0003  val_mae=0.010 mV  val_R²=0.9949  worst_mae=0.015 mV
epoch  15  train_loss=0.0003  val_loss=0.0002  val_mae=0.009 mV  val_R²=0.9959  worst_mae=0.013 mV
epoch  16  train_loss=0.0003  val_loss=0.0002  val_mae=0.009 mV  val_R²=0.9959  worst_mae=0.012 mV
epoch  17  train_loss=0.0003  val_loss=0.0002  val_mae=0.009 mV  val_R²=0.9959  worst_mae=0.013 mV
epoch  18  train_loss=0.0003  val_loss=0.0002  val_mae=0.009 mV  val_R²=0.9955  worst_mae=0.013 mV
epoch  19  train_loss=0.0003  val_loss=0.0003  val_mae=0.009 mV  val_R²=0.9954  worst_mae=0.011 mV
epoch  20  train_loss=0.0003  val_loss=0.0003  val_mae=0.011 mV  val_R²=0.9945  worst_mae=0.013 mV
epoch  21  train_loss=0.0003  val_loss=0.0002  val_mae=0.009 mV  val_R²=0.9957  worst_mae=0.012 mV
epoch  22  train_loss=0.0002  val_loss=0.0002  val_mae=0.009 mV  val_R²=0.9961  worst_mae=0.011 mV
epoch  23  train_loss=0.0002  val_loss=0.0002  val_mae=0.008 mV  val_R²=0.9964  worst_mae=0.012 mV
epoch  24  train_loss=0.0003  val_loss=0.0002  val_mae=0.008 mV  val_R²=0.9961  worst_mae=0.012 mV
epoch  25  train_loss=0.0002  val_loss=0.0002  val_mae=0.007 mV  val_R²=0.9966  worst_mae=0.012 mV
epoch  26  train_loss=0.0002  val_loss=0.0002  val_mae=0.008 mV  val_R²=0.9963  worst_mae=0.012 mV
epoch  27  train_loss=0.0002  val_loss=0.0002  val_mae=0.008 mV  val_R²=0.9964  worst_mae=0.012 mV
epoch  28  train_loss=0.0002  val_loss=0.0002  val_mae=0.007 mV  val_R²=0.9966  worst_mae=0.011 mV
epoch  29  train_loss=0.0002  val_loss=0.0002  val_mae=0.010 mV  val_R²=0.9948  worst_mae=0.013 mV
epoch  30  train_loss=0.0002  val_loss=0.0002  val_mae=0.008 mV  val_R²=0.9966  worst_mae=0.011 mV
epoch  31  train_loss=0.0002  val_loss=0.0002  val_mae=0.008 mV  val_R²=0.9960  worst_mae=0.013 mV
epoch  32  train_loss=0.0002  val_loss=0.0002  val_mae=0.008 mV  val_R²=0.9964  worst_mae=0.012 mV
epoch  33  train_loss=0.0002  val_loss=0.0002  val_mae=0.007 mV  val_R²=0.9969  worst_mae=0.011 mV
epoch  34  train_loss=0.0002  val_loss=0.0002  val_mae=0.008 mV  val_R²=0.9967  worst_mae=0.012 mV
epoch  35  train_loss=0.0002  val_loss=0.0002  val_mae=0.007 mV  val_R²=0.9967  worst_mae=0.011 mV
epoch  36  train_loss=0.0002  val_loss=0.0002  val_mae=0.008 mV  val_R²=0.9965  worst_mae=0.011 mV
epoch  37  train_loss=0.0002  val_loss=0.0002  val_mae=0.007 mV  val_R²=0.9970  worst_mae=0.011 mV
epoch  38  train_loss=0.0002  val_loss=0.0001  val_mae=0.007 mV  val_R²=0.9970  worst_mae=0.011 mV
epoch  39  train_loss=0.0001  val_loss=0.0002  val_mae=0.007 mV  val_R²=0.9969  worst_mae=0.010 mV
epoch  40  train_loss=0.0001  val_loss=0.0001  val_mae=0.007 mV  val_R²=0.9971  worst_mae=0.010 mV
epoch  41  train_loss=0.0001  val_loss=0.0001  val_mae=0.007 mV  val_R²=0.9972  worst_mae=0.011 mV
epoch  42  train_loss=0.0001  val_loss=0.0001  val_mae=0.007 mV  val_R²=0.9972  worst_mae=0.011 mV
epoch  43  train_loss=0.0001  val_loss=0.0001  val_mae=0.007 mV  val_R²=0.9971  worst_mae=0.010 mV
epoch  44  train_loss=0.0001  val_loss=0.0001  val_mae=0.006 mV  val_R²=0.9972  worst_mae=0.010 mV
epoch  45  train_loss=0.0001  val_loss=0.0001  val_mae=0.006 mV  val_R²=0.9973  worst_mae=0.010 mV
epoch  46  train_loss=0.0001  val_loss=0.0001  val_mae=0.007 mV  val_R²=0.9972  worst_mae=0.010 mV
epoch  47  train_loss=0.0001  val_loss=0.0001  val_mae=0.006 mV  val_R²=0.9973  worst_mae=0.010 mV
epoch  48  train_loss=0.0001  val_loss=0.0001  val_mae=0.006 mV  val_R²=0.9973  worst_mae=0.010 mV
epoch  49  train_loss=0.0001  val_loss=0.0001  val_mae=0.006 mV  val_R²=0.9973  worst_mae=0.010 mV
epoch  50  train_loss=0.0001  val_loss=0.0001  val_mae=0.006 mV  val_R²=0.9973  worst_mae=0.010 mV

== best (val) ==
{
  "loss_train_space": 0.00013546498666983098,
  "mae_mV": 0.006364342880260665,
  "rmse_mV": 0.010762601959868334,
  "rel_mae": 0.019401091849057757,
  "r2": 0.9972956866906397,
  "worst_mae_mV": 0.010159114935959224,
  "worst_rel_mae": 0.025492162006845242
}

== test (best ckpt; held-out n_top) ==
{
  "loss_train_space": 0.009433083236217499,
  "mae_mV": 0.05547801629290916,
  "rmse_mV": 0.07409848331008106,
  "rel_mae": 0.1498324298003188,
  "r2": 0.8485490619542728,
  "worst_mae_mV": 0.11311254638712853,
  "worst_rel_mae": 0.2476579810571332
}
history written to checkpoints/droop_v7_edgeconv_l0.history.json
