omegas (rad/s): ['0.000e+00', '5.620e+09', '2.810e+10']
topology holdout [(9, 25), (13, 25), (25, 25)]: train 12000 -> 8347, val = 791 samples of the held-out topologies
train 8347 | val 791 | test 2400
factor cache: datasets/regular_v8_topo/_factors
precomputing factors (train)
  500/8347 (89s, 178.8 ms/sample)
  1000/8347 (171s, 171.1 ms/sample)
  1500/8347 (254s, 169.4 ms/sample)
  2000/8347 (340s, 170.1 ms/sample)
  2500/8347 (429s, 171.4 ms/sample)
  3000/8347 (499s, 166.2 ms/sample)
  3500/8347 (580s, 165.8 ms/sample)
  4000/8347 (659s, 164.8 ms/sample)
  4500/8347 (733s, 163.0 ms/sample)
  5000/8347 (806s, 161.3 ms/sample)
  5500/8347 (886s, 161.1 ms/sample)
  6000/8347 (952s, 158.6 ms/sample)
  6500/8347 (1018s, 156.5 ms/sample)
  7000/8347 (1098s, 156.8 ms/sample)
  7500/8347 (1181s, 157.4 ms/sample)
  8000/8347 (1259s, 157.3 ms/sample)
  factors -> datasets/regular_v8_topo/_factors/train_ho9x25-13x25-25x25_m16_q2_f3_c9.pt
precomputing factors (val)
  500/791 (637s, 1274.2 ms/sample)
  factors -> datasets/regular_v8_topo/_factors/val_ho9x25-13x25-25x25_m16_q2_f3_c9.pt
precomputing factors (test)
  500/2400 (1091s, 2182.1 ms/sample)
  1000/2400 (2169s, 2168.9 ms/sample)
  1500/2400 (3204s, 2136.0 ms/sample)
  2000/2400 (4262s, 2131.1 ms/sample)
  factors -> datasets/regular_v8_topo/_factors/test_m16_q2_f3_c9.pt
init bias (mean log10 droop): -3.362
ablation=combined | params 33,129
ep  1 loss 0.0078 | 4,7:R2=+0.333  7,13:R2=+0.383  11,31:R2=-0.263  31,31:R2=-1.767 | val -0.193 (139s)
ep  2 loss 0.0033 | 4,7:R2=+0.826  7,13:R2=-0.497  11,31:R2=-0.139  31,31:R2=-1.510 | val +0.136 (123s)
ep  3 loss 0.0025 | 4,7:R2=+0.454  7,13:R2=+0.372  11,31:R2=-0.220  31,31:R2=-1.424 | val -0.163 (144s)
ep  4 loss 0.0020 | 4,7:R2=+0.167  7,13:R2=-0.362  11,31:R2=+0.190  31,31:R2=-1.562 | val +0.082 (142s)
ep  5 loss 0.0018 | 4,7:R2=+0.520  7,13:R2=-1.234  11,31:R2=+0.194  31,31:R2=-1.000 | val +0.431 (142s)
ep  6 loss 0.0016 | 4,7:R2=-0.010  7,13:R2=+0.400  11,31:R2=-0.175  31,31:R2=-0.931 | val +0.157 (140s)
ep  7 loss 0.0015 | 4,7:R2=+0.188  7,13:R2=-1.541  11,31:R2=+0.231  31,31:R2=-0.689 | val +0.582 (173s)
ep  8 loss 0.0013 | 4,7:R2=+0.854  7,13:R2=+0.778  11,31:R2=-0.020  31,31:R2=-1.114 | val +0.191 (150s)
ep  9 loss 0.0013 | 4,7:R2=+0.600  7,13:R2=+0.135  11,31:R2=+0.132  31,31:R2=-0.783 | val +0.476 (141s)
ep 10 loss 0.0012 | 4,7:R2=+0.363  7,13:R2=-0.640  11,31:R2=+0.289  31,31:R2=-1.105 | val +0.419 (138s)
ep 11 loss 0.0011 | 4,7:R2=+0.667  7,13:R2=+0.393  11,31:R2=+0.238  31,31:R2=-0.919 | val +0.443 (139s)
ep 12 loss 0.0010 | 4,7:R2=+0.599  7,13:R2=+0.443  11,31:R2=+0.045  31,31:R2=-0.985 | val +0.235 (139s)
ep 13 loss 0.0009 | 4,7:R2=+0.562  7,13:R2=+0.101  11,31:R2=+0.164  31,31:R2=-1.241 | val +0.221 (141s)
ep 14 loss 0.0009 | 4,7:R2=+0.732  7,13:R2=+0.013  11,31:R2=+0.302  31,31:R2=-0.645 | val +0.523 (141s)
ep 15 loss 0.0008 | 4,7:R2=+0.215  7,13:R2=-0.515  11,31:R2=+0.214  31,31:R2=-1.025 | val +0.396 (148s)
ep 16 loss 0.0008 | 4,7:R2=+0.591  7,13:R2=+0.179  11,31:R2=+0.161  31,31:R2=-0.829 | val +0.413 (138s)
ep 17 loss 0.0007 | 4,7:R2=+0.623  7,13:R2=+0.136  11,31:R2=+0.239  31,31:R2=-1.126 | val +0.360 (136s)
ep 18 loss 0.0007 | 4,7:R2=+0.063  7,13:R2=-1.150  11,31:R2=+0.399  31,31:R2=-0.752 | val +0.575 (138s)
ep 19 loss 0.0007 | 4,7:R2=+0.666  7,13:R2=+0.442  11,31:R2=+0.207  31,31:R2=-1.114 | val +0.329 (138s)
ep 20 loss 0.0006 | 4,7:R2=+0.544  7,13:R2=+0.138  11,31:R2=+0.219  31,31:R2=-0.734 | val +0.485 (137s)
ep 21 loss 0.0006 | 4,7:R2=+0.768  7,13:R2=+0.161  11,31:R2=+0.405  31,31:R2=-0.901 | val +0.517 (136s)
ep 22 loss 0.0005 | 4,7:R2=+0.516  7,13:R2=+0.136  11,31:R2=+0.222  31,31:R2=-0.905 | val +0.422 (143s)
ep 23 loss 0.0005 | 4,7:R2=+0.599  7,13:R2=+0.147  11,31:R2=+0.401  31,31:R2=-0.966 | val +0.494 (142s)
ep 24 loss 0.0005 | 4,7:R2=+0.389  7,13:R2=+0.083  11,31:R2=+0.373  31,31:R2=-1.126 | val +0.410 (143s)
ep 25 loss 0.0005 | 4,7:R2=+0.678  7,13:R2=+0.419  11,31:R2=+0.305  31,31:R2=-0.935 | val +0.451 (142s)
ep 26 loss 0.0005 | 4,7:R2=+0.481  7,13:R2=+0.183  11,31:R2=+0.373  31,31:R2=-0.886 | val +0.507 (142s)
ep 27 loss 0.0004 | 4,7:R2=+0.615  7,13:R2=+0.344  11,31:R2=+0.413  31,31:R2=-0.934 | val +0.493 (139s)
ep 28 loss 0.0004 | 4,7:R2=+0.597  7,13:R2=+0.247  11,31:R2=+0.394  31,31:R2=-0.948 | val +0.481 (146s)
ep 29 loss 0.0004 | 4,7:R2=+0.596  7,13:R2=+0.265  11,31:R2=+0.395  31,31:R2=-0.905 | val +0.506 (144s)
ep 30 loss 0.0004 | 4,7:R2=+0.594  7,13:R2=+0.304  11,31:R2=+0.379  31,31:R2=-0.957 | val +0.470 (144s)

selected epoch 7 (val +0.582) -> checkpoints/v8_bilinear_ho_s0.pt
  its test per-anchor: 4,7:R2=+0.188  7,13:R2=-1.541  11,31:R2=+0.231  31,31:R2=-0.689
  last epoch for reference: 4,7:R2=+0.594  7,13:R2=+0.304  11,31:R2=+0.379  31,31:R2=-0.957
history -> checkpoints/v8_bilinear_ho_s0.history.json
