omegas (rad/s): ['0.000e+00', '5.620e+09', '2.810e+10']
topology holdout [(7, 19), (10, 19), (19, 19)]: train 12000 -> 8487, val = 690 samples of the held-out topologies
train 8487 | val 690 | test 2400
factor cache: datasets/regular_v8_topo/_factors
precomputing factors (train)
  500/8487 (4332s, 8663.2 ms/sample)
  1000/8487 (4610s, 4610.3 ms/sample)
  1500/8487 (4865s, 3243.2 ms/sample)
  2000/8487 (5103s, 2551.7 ms/sample)
  2500/8487 (5339s, 2135.7 ms/sample)
  3000/8487 (5545s, 1848.3 ms/sample)
  3500/8487 (5770s, 1648.6 ms/sample)
  4000/8487 (5973s, 1493.3 ms/sample)
  4500/8487 (6194s, 1376.5 ms/sample)
  5000/8487 (6390s, 1278.0 ms/sample)
  5500/8487 (6610s, 1201.8 ms/sample)
  6000/8487 (6837s, 1139.5 ms/sample)
  6500/8487 (7018s, 1079.7 ms/sample)
  7000/8487 (7223s, 1031.8 ms/sample)
  7500/8487 (7421s, 989.5 ms/sample)
  8000/8487 (7630s, 953.7 ms/sample)
  factors -> datasets/regular_v8_topo/_factors/train_ho7x19-10x19-19x19_m16_q2_f3_c9.pt
precomputing factors (val)
  500/690 (111s, 222.4 ms/sample)
  factors -> datasets/regular_v8_topo/_factors/val_ho7x19-10x19-19x19_m16_q2_f3_c9.pt
precomputing factors (test)
  factors <- datasets/regular_v8_topo/_factors/test_m16_q2_f3_c9.pt
init bias (mean log10 droop): -3.211
ablation=combined | params 33,129
ep  1 loss 0.0088 | 4,7:R2=+0.680  7,13:R2=-1.116  11,31:R2=+0.518  31,31:R2=+0.862 | val -0.194 (170s)
ep  2 loss 0.0031 | 4,7:R2=+0.525  7,13:R2=-0.934  11,31:R2=+0.560  31,31:R2=+0.843 | val -0.124 (176s)
ep  3 loss 0.0025 | 4,7:R2=+0.493  7,13:R2=-1.036  11,31:R2=+0.602  31,31:R2=+0.842 | val -0.219 (174s)
ep  4 loss 0.0020 | 4,7:R2=+0.578  7,13:R2=+0.294  11,31:R2=+0.605  31,31:R2=+0.669 | val +0.292 (174s)
ep  5 loss 0.0017 | 4,7:R2=+0.672  7,13:R2=+0.684  11,31:R2=+0.494  31,31:R2=+0.458 | val +0.704 (172s)
ep  6 loss 0.0017 | 4,7:R2=+0.756  7,13:R2=+0.198  11,31:R2=+0.344  31,31:R2=+0.535 | val +0.560 (175s)
ep  7 loss 0.0015 | 4,7:R2=+0.268  7,13:R2=-0.557  11,31:R2=+0.488  31,31:R2=+0.424 | val +0.342 (189s)
ep  8 loss 0.0013 | 4,7:R2=+0.796  7,13:R2=+0.430  11,31:R2=+0.468  31,31:R2=+0.520 | val +0.587 (180s)
ep  9 loss 0.0012 | 4,7:R2=+0.606  7,13:R2=-0.063  11,31:R2=+0.511  31,31:R2=+0.582 | val +0.316 (176s)
ep 10 loss 0.0012 | 4,7:R2=+0.694  7,13:R2=-0.068  11,31:R2=+0.475  31,31:R2=+0.480 | val +0.532 (174s)
ep 11 loss 0.0011 | 4,7:R2=+0.635  7,13:R2=-0.133  11,31:R2=+0.448  31,31:R2=+0.427 | val +0.427 (176s)
ep 12 loss 0.0010 | 4,7:R2=+0.562  7,13:R2=+0.103  11,31:R2=+0.527  31,31:R2=+0.614 | val +0.317 (222s)
ep 13 loss 0.0009 | 4,7:R2=+0.761  7,13:R2=+0.383  11,31:R2=+0.420  31,31:R2=+0.358 | val +0.688 (240s)
ep 14 loss 0.0009 | 4,7:R2=+0.334  7,13:R2=-0.985  11,31:R2=+0.552  31,31:R2=+0.584 | val +0.201 (245s)
ep 15 loss 0.0008 | 4,7:R2=+0.158  7,13:R2=-0.040  11,31:R2=+0.525  31,31:R2=+0.607 | val +0.375 (234s)
ep 16 loss 0.0008 | 4,7:R2=+0.447  7,13:R2=-0.448  11,31:R2=+0.647  31,31:R2=+0.685 | val +0.108 (237s)
