omegas (rad/s): ['0.000e+00', '5.620e+09', '2.810e+10']
train 12000 | val 2500 | test 2400
factor cache: datasets/regular_v8_topo/_factors
precomputing factors (train)
  500/12000 (404s, 808.0 ms/sample)
  1000/12000 (771s, 770.9 ms/sample)
  1500/12000 (1143s, 762.3 ms/sample)
  2000/12000 (1535s, 767.5 ms/sample)
  2500/12000 (1941s, 776.6 ms/sample)
  3000/12000 (2275s, 758.5 ms/sample)
  3500/12000 (2632s, 752.0 ms/sample)
  4000/12000 (2955s, 738.9 ms/sample)
  4500/12000 (3310s, 735.5 ms/sample)
  5000/12000 (3660s, 731.9 ms/sample)
  5500/12000 (4003s, 727.7 ms/sample)
  6000/12000 (4348s, 724.6 ms/sample)
  6500/12000 (4696s, 722.5 ms/sample)
  7000/12000 (5003s, 714.7 ms/sample)
  7500/12000 (5356s, 714.1 ms/sample)
  8000/12000 (5700s, 712.5 ms/sample)
  8500/12000 (6060s, 712.9 ms/sample)
  9000/12000 (6352s, 705.8 ms/sample)
  9500/12000 (6660s, 701.1 ms/sample)
  10000/12000 (6994s, 699.4 ms/sample)
  10500/12000 (7316s, 696.7 ms/sample)
  11000/12000 (7668s, 697.1 ms/sample)
  11500/12000 (7991s, 694.8 ms/sample)
  12000/12000 (8369s, 697.4 ms/sample)
  factors -> datasets/regular_v8_topo/_factors/train_m16_q2_f3_c9_fdc.pt
precomputing factors (val)
  500/2500 (351s, 702.0 ms/sample)
  1000/2500 (671s, 671.0 ms/sample)
  1500/2500 (1034s, 689.0 ms/sample)
  2000/2500 (1400s, 699.8 ms/sample)
  2500/2500 (1768s, 707.1 ms/sample)
  factors -> datasets/regular_v8_topo/_factors/val_m16_q2_f3_c9_fdc.pt
precomputing factors (test)
  500/2400 (1803s, 3605.0 ms/sample)
  1000/2400 (3329s, 3329.4 ms/sample)
  1500/2400 (4820s, 3213.5 ms/sample)
  2000/2400 (6299s, 3149.6 ms/sample)
  factors -> datasets/regular_v8_topo/_factors/test_m16_q2_f3_c9_fdc.pt
init bias (mean log10 droop): -3.229
ablation=combined | params 33,673
ep  1 loss 0.0079 | 4,7:R2=-0.110  7,13:R2=+0.546  11,31:R2=+0.582  31,31:R2=+0.856 | val +0.532 (987s)
ep  2 loss 0.0028 | 4,7:R2=-0.081  7,13:R2=+0.319  11,31:R2=+0.555  31,31:R2=+0.750 | val +0.823 (1039s)
ep  3 loss 0.0020 | 4,7:R2=+0.528  7,13:R2=+0.524  11,31:R2=+0.785  31,31:R2=+0.113 | val +0.678 (1093s)
ep  4 loss 0.0017 | 4,7:R2=+0.584  7,13:R2=+0.814  11,31:R2=+0.451  31,31:R2=+0.693 | val +0.844 (1089s)
ep  5 loss 0.0015 | 4,7:R2=+0.740  7,13:R2=+0.621  11,31:R2=+0.860  31,31:R2=+0.751 | val +0.825 (1063s)
ep  6 loss 0.0013 | 4,7:R2=+0.627  7,13:R2=+0.829  11,31:R2=+0.671  31,31:R2=+0.701 | val +0.937 (1036s)
ep  7 loss 0.0012 | 4,7:R2=+0.834  7,13:R2=+0.843  11,31:R2=+0.568  31,31:R2=+0.364 | val +0.848 (1055s)
ep  8 loss 0.0011 | 4,7:R2=+0.725  7,13:R2=+0.874  11,31:R2=+0.599  31,31:R2=+0.743 | val +0.871 (1047s)
ep  9 loss 0.0010 | 4,7:R2=+0.743  7,13:R2=+0.762  11,31:R2=+0.872  31,31:R2=+0.899 | val +0.933 (1043s)
ep 10 loss 0.0009 | 4,7:R2=+0.370  7,13:R2=+0.349  11,31:R2=+0.793  31,31:R2=+0.731 | val +0.917 (1079s)
ep 11 loss 0.0009 | 4,7:R2=+0.378  7,13:R2=+0.538  11,31:R2=+0.818  31,31:R2=+0.743 | val +0.927 (5313s)
ep 12 loss 0.0008 | 4,7:R2=+0.788  7,13:R2=+0.865  11,31:R2=+0.642  31,31:R2=+0.672 | val +0.928 (1231s)
ep 13 loss 0.0007 | 4,7:R2=+0.457  7,13:R2=+0.679  11,31:R2=+0.863  31,31:R2=+0.642 | val +0.934 (1127s)
ep 14 loss 0.0007 | 4,7:R2=+0.773  7,13:R2=+0.876  11,31:R2=+0.803  31,31:R2=+0.566 | val +0.942 (1132s)
ep 15 loss 0.0007 | 4,7:R2=+0.838  7,13:R2=+0.884  11,31:R2=+0.924  31,31:R2=+0.848 | val +0.948 (1217s)
ep 16 loss 0.0006 | 4,7:R2=+0.860  7,13:R2=+0.870  11,31:R2=+0.821  31,31:R2=+0.702 | val +0.948 (1277s)
