omegas (rad/s): ['0.000e+00', '5.620e+09', '2.810e+10']
topology holdout [(9, 25), (13, 25), (25, 25)]: train 12000 -> 8347, val = 791 samples of the held-out topologies
train 8347 | val 791 | test 2400
factor cache: datasets/regular_v8_topo/_factors
precomputing factors (train)
  500/8347 (140s, 281.0 ms/sample)
  1000/8347 (272s, 271.9 ms/sample)
  1500/8347 (408s, 271.8 ms/sample)
  2000/8347 (537s, 268.3 ms/sample)
  2500/8347 (673s, 269.1 ms/sample)
  3000/8347 (783s, 261.1 ms/sample)
  3500/8347 (912s, 260.5 ms/sample)
  4000/8347 (1037s, 259.2 ms/sample)
  4500/8347 (1166s, 259.2 ms/sample)
  5000/8347 (1280s, 256.0 ms/sample)
  5500/8347 (1413s, 256.9 ms/sample)
  6000/8347 (1519s, 253.2 ms/sample)
  6500/8347 (1624s, 249.9 ms/sample)
  7000/8347 (1747s, 249.6 ms/sample)
  7500/8347 (1867s, 248.9 ms/sample)
  8000/8347 (1989s, 248.6 ms/sample)
  factors -> datasets/regular_v8_topo/_factors/train_ho9x25-13x25-25x25_m16_q2_f3_c9_fdc.pt
precomputing factors (val)
  500/791 (882s, 1764.1 ms/sample)
  factors -> datasets/regular_v8_topo/_factors/val_ho9x25-13x25-25x25_m16_q2_f3_c9_fdc.pt
precomputing factors (test)
  500/2400 (1757s, 3514.5 ms/sample)
  1000/2400 (3475s, 3475.3 ms/sample)
  1500/2400 (5128s, 3418.4 ms/sample)
  2000/2400 (6811s, 3405.3 ms/sample)
  factors -> datasets/regular_v8_topo/_factors/test_m16_q2_f3_c9_fdc.pt
init bias (mean log10 droop): -3.362
ablation=combined | params 33,673
ep  1 loss 0.0083 | 4,7:R2=-0.296  7,13:R2=-0.083  11,31:R2=-0.278  31,31:R2=-1.977 | val -0.188 (635s)
ep  2 loss 0.0032 | 4,7:R2=+0.643  7,13:R2=-0.641  11,31:R2=+0.130  31,31:R2=-1.057 | val +0.240 (645s)
ep  3 loss 0.0024 | 4,7:R2=+0.468  7,13:R2=+0.757  11,31:R2=-0.265  31,31:R2=-1.169 | val -0.128 (644s)
ep  4 loss 0.0020 | 4,7:R2=-0.341  7,13:R2=-1.044  11,31:R2=+0.184  31,31:R2=-1.215 | val +0.239 (673s)
ep  5 loss 0.0018 | 4,7:R2=+0.561  7,13:R2=-0.678  11,31:R2=+0.144  31,31:R2=-0.805 | val +0.417 (669s)
ep  6 loss 0.0016 | 4,7:R2=-0.041  7,13:R2=+0.521  11,31:R2=-0.155  31,31:R2=-0.662 | val +0.247 (673s)
ep  7 loss 0.0014 | 4,7:R2=+0.167  7,13:R2=-1.213  11,31:R2=+0.384  31,31:R2=-0.637 | val +0.661 (674s)
ep  8 loss 0.0012 | 4,7:R2=+0.852  7,13:R2=+0.774  11,31:R2=+0.145  31,31:R2=-0.944 | val +0.352 (658s)
ep  9 loss 0.0012 | 4,7:R2=+0.553  7,13:R2=+0.212  11,31:R2=+0.226  31,31:R2=-0.698 | val +0.596 (573s)
ep 10 loss 0.0011 | 4,7:R2=+0.266  7,13:R2=-0.967  11,31:R2=+0.351  31,31:R2=-0.802 | val +0.626 (553s)
ep 11 loss 0.0010 | 4,7:R2=+0.429  7,13:R2=+0.257  11,31:R2=+0.326  31,31:R2=-0.820 | val +0.601 (556s)
ep 12 loss 0.0010 | 4,7:R2=+0.686  7,13:R2=+0.657  11,31:R2=+0.078  31,31:R2=-0.907 | val +0.354 (560s)
ep 13 loss 0.0009 | 4,7:R2=+0.583  7,13:R2=+0.250  11,31:R2=+0.255  31,31:R2=-0.807 | val +0.590 (556s)
ep 14 loss 0.0008 | 4,7:R2=+0.761  7,13:R2=+0.551  11,31:R2=+0.325  31,31:R2=-0.697 | val +0.580 (560s)
ep 15 loss 0.0007 | 4,7:R2=+0.550  7,13:R2=+0.447  11,31:R2=+0.250  31,31:R2=-0.806 | val +0.460 (551s)
ep 16 loss 0.0007 | 4,7:R2=+0.676  7,13:R2=+0.575  11,31:R2=+0.166  31,31:R2=-0.844 | val +0.428 (555s)
ep 17 loss 0.0007 | 4,7:R2=+0.702  7,13:R2=+0.631  11,31:R2=+0.299  31,31:R2=-0.885 | val +0.462 (559s)
ep 18 loss 0.0006 | 4,7:R2=+0.462  7,13:R2=+0.024  11,31:R2=+0.503  31,31:R2=-0.666 | val +0.700 (564s)
ep 19 loss 0.0006 | 4,7:R2=+0.809  7,13:R2=+0.728  11,31:R2=+0.383  31,31:R2=-0.862 | val +0.529 (551s)
ep 20 loss 0.0005 | 4,7:R2=+0.762  7,13:R2=+0.699  11,31:R2=+0.372  31,31:R2=-0.667 | val +0.578 (546s)
ep 21 loss 0.0005 | 4,7:R2=+0.846  7,13:R2=+0.712  11,31:R2=+0.522  31,31:R2=-0.729 | val +0.587 (540s)
ep 22 loss 0.0004 | 4,7:R2=+0.745  7,13:R2=+0.615  11,31:R2=+0.380  31,31:R2=-0.768 | val +0.529 (546s)
ep 23 loss 0.0004 | 4,7:R2=+0.813  7,13:R2=+0.730  11,31:R2=+0.441  31,31:R2=-0.742 | val +0.561 (552s)
ep 24 loss 0.0004 | 4,7:R2=+0.706  7,13:R2=+0.623  11,31:R2=+0.451  31,31:R2=-0.870 | val +0.489 (535s)
ep 25 loss 0.0004 | 4,7:R2=+0.818  7,13:R2=+0.764  11,31:R2=+0.450  31,31:R2=-0.700 | val +0.553 (536s)
ep 26 loss 0.0004 | 4,7:R2=+0.804  7,13:R2=+0.826  11,31:R2=+0.473  31,31:R2=-0.731 | val +0.544 (529s)
ep 27 loss 0.0003 | 4,7:R2=+0.820  7,13:R2=+0.853  11,31:R2=+0.487  31,31:R2=-0.820 | val +0.498 (539s)
ep 28 loss 0.0003 | 4,7:R2=+0.827  7,13:R2=+0.806  11,31:R2=+0.495  31,31:R2=-0.745 | val +0.534 (547s)
ep 29 loss 0.0003 | 4,7:R2=+0.817  7,13:R2=+0.814  11,31:R2=+0.489  31,31:R2=-0.756 | val +0.536 (558s)
ep 30 loss 0.0003 | 4,7:R2=+0.815  7,13:R2=+0.814  11,31:R2=+0.478  31,31:R2=-0.777 | val +0.519 (4782s)

selected epoch 18 (val +0.700) -> checkpoints/v8_kernel512_ho_s0.pt
  its test per-anchor: 4,7:R2=+0.462  7,13:R2=+0.024  11,31:R2=+0.503  31,31:R2=-0.666
  last epoch for reference: 4,7:R2=+0.815  7,13:R2=+0.814  11,31:R2=+0.478  31,31:R2=-0.777
history -> checkpoints/v8_kernel512_ho_s0.history.json
