omegas (rad/s): ['0.000e+00', '5.620e+09', '2.810e+10']
topology holdout [(7, 19), (10, 19), (19, 19)]: train 12000 -> 8487, val = 690 samples of the held-out topologies
train 8487 | val 690 | test 2400
factor cache: datasets/regular_v8_topo/_factors
precomputing factors (train)
  factors <- datasets/regular_v8_topo/_factors/train_ho7x19-10x19-19x19_m16_q2_f3_c9_fdc.pt
precomputing factors (val)
  factors <- datasets/regular_v8_topo/_factors/val_ho7x19-10x19-19x19_m16_q2_f3_c9_fdc.pt
precomputing factors (test)
  factors <- datasets/regular_v8_topo/_factors/test_m16_q2_f3_c9_fdc.pt
init bias (mean log10 droop): -3.211
ablation=combined | params 28,077
ep  1 loss 0.0119 | 4,7:R2=+0.183  7,13:R2=-0.392  11,31:R2=+0.767  31,31:R2=+0.823 | val +0.427 (220s)
ep  2 loss 0.0043 | 4,7:R2=+0.669  7,13:R2=+0.422  11,31:R2=+0.617  31,31:R2=+0.938 | val +0.540 (227s)
ep  3 loss 0.0033 | 4,7:R2=+0.719  7,13:R2=+0.831  11,31:R2=+0.686  31,31:R2=+0.922 | val +0.530 (225s)
ep  4 loss 0.0028 | 4,7:R2=+0.848  7,13:R2=-0.033  11,31:R2=+0.677  31,31:R2=+0.821 | val +0.767 (225s)
ep  5 loss 0.0026 | 4,7:R2=+0.821  7,13:R2=+0.491  11,31:R2=+0.588  31,31:R2=+0.558 | val +0.901 (230s)
ep  6 loss 0.0024 | 4,7:R2=+0.627  7,13:R2=+0.520  11,31:R2=+0.583  31,31:R2=+0.561 | val +0.810 (228s)
ep  7 loss 0.0023 | 4,7:R2=+0.851  7,13:R2=+0.693  11,31:R2=+0.554  31,31:R2=+0.534 | val +0.926 (226s)
ep  8 loss 0.0021 | 4,7:R2=+0.689  7,13:R2=+0.193  11,31:R2=+0.670  31,31:R2=+0.567 | val +0.886 (227s)
ep  9 loss 0.0020 | 4,7:R2=+0.799  7,13:R2=+0.059  11,31:R2=+0.466  31,31:R2=+0.350 | val +0.651 (232s)
ep 10 loss 0.0019 | 4,7:R2=+0.867  7,13:R2=+0.623  11,31:R2=+0.598  31,31:R2=+0.531 | val +0.883 (236s)
ep 11 loss 0.0019 | 4,7:R2=+0.680  7,13:R2=+0.432  11,31:R2=+0.543  31,31:R2=+0.530 | val +0.867 (236s)
ep 12 loss 0.0017 | 4,7:R2=+0.373  7,13:R2=+0.167  11,31:R2=+0.677  31,31:R2=+0.332 | val +0.876 (234s)
ep 13 loss 0.0017 | 4,7:R2=+0.854  7,13:R2=+0.802  11,31:R2=+0.608  31,31:R2=+0.717 | val +0.877 (236s)
ep 14 loss 0.0016 | 4,7:R2=+0.855  7,13:R2=+0.784  11,31:R2=+0.656  31,31:R2=+0.745 | val +0.682 (233s)
ep 15 loss 0.0015 | 4,7:R2=+0.823  7,13:R2=+0.786  11,31:R2=+0.512  31,31:R2=+0.608 | val +0.765 (236s)
ep 16 loss 0.0014 | 4,7:R2=+0.799  7,13:R2=+0.709  11,31:R2=+0.651  31,31:R2=+0.735 | val +0.858 (236s)
ep 17 loss 0.0014 | 4,7:R2=+0.813  7,13:R2=+0.787  11,31:R2=+0.610  31,31:R2=+0.605 | val +0.653 (241s)
ep 18 loss 0.0013 | 4,7:R2=+0.866  7,13:R2=+0.695  11,31:R2=+0.684  31,31:R2=+0.827 | val +0.048 (4837s)
ep 19 loss 0.0012 | 4,7:R2=+0.878  7,13:R2=+0.734  11,31:R2=+0.709  31,31:R2=+0.700 | val +0.820 (3691s)
ep 20 loss 0.0012 | 4,7:R2=+0.760  7,13:R2=+0.484  11,31:R2=+0.598  31,31:R2=+0.637 | val +0.906 (242s)
ep 21 loss 0.0011 | 4,7:R2=+0.798  7,13:R2=+0.547  11,31:R2=+0.629  31,31:R2=+0.548 | val +0.897 (260s)
ep 22 loss 0.0011 | 4,7:R2=+0.841  7,13:R2=+0.718  11,31:R2=+0.709  31,31:R2=+0.821 | val +0.731 (262s)
ep 23 loss 0.0011 | 4,7:R2=+0.879  7,13:R2=+0.799  11,31:R2=+0.627  31,31:R2=+0.682 | val +0.768 (402s)
ep 24 loss 0.0010 | 4,7:R2=+0.819  7,13:R2=+0.644  11,31:R2=+0.712  31,31:R2=+0.817 | val +0.744 (441s)
ep 25 loss 0.0010 | 4,7:R2=+0.808  7,13:R2=+0.701  11,31:R2=+0.695  31,31:R2=+0.855 | val +0.746 (368s)
ep 26 loss 0.0010 | 4,7:R2=+0.803  7,13:R2=+0.694  11,31:R2=+0.727  31,31:R2=+0.914 | val +0.678 (430s)
ep 27 loss 0.0009 | 4,7:R2=+0.794  7,13:R2=+0.647  11,31:R2=+0.724  31,31:R2=+0.877 | val +0.741 (402s)
ep 28 loss 0.0009 | 4,7:R2=+0.780  7,13:R2=+0.644  11,31:R2=+0.749  31,31:R2=+0.932 | val +0.740 (428s)
ep 29 loss 0.0009 | 4,7:R2=+0.780  7,13:R2=+0.641  11,31:R2=+0.733  31,31:R2=+0.909 | val +0.756 (445s)
ep 30 loss 0.0009 | 4,7:R2=+0.776  7,13:R2=+0.611  11,31:R2=+0.735  31,31:R2=+0.911 | val +0.770 (451s)

selected epoch 7 (val +0.926) -> checkpoints/v9_simple_s0.pt
  its test per-anchor: 4,7:R2=+0.851  7,13:R2=+0.693  11,31:R2=+0.554  31,31:R2=+0.534
  last epoch for reference: 4,7:R2=+0.776  7,13:R2=+0.611  11,31:R2=+0.735  31,31:R2=+0.911
history -> checkpoints/v9_simple_s0.history.json
