omegas (rad/s): ['0.000e+00', '5.620e+09', '2.810e+10']
train 16000 | test 2000
precomputing factors (train)
  500/16000 (10s, 19.5 ms/sample)
  1000/16000 (20s, 20.3 ms/sample)
  1500/16000 (30s, 20.2 ms/sample)
  2000/16000 (41s, 20.4 ms/sample)
  2500/16000 (51s, 20.5 ms/sample)
  3000/16000 (61s, 20.5 ms/sample)
  3500/16000 (72s, 20.6 ms/sample)
  4000/16000 (82s, 20.6 ms/sample)
  4500/16000 (93s, 20.6 ms/sample)
  5000/16000 (103s, 20.5 ms/sample)
  5500/16000 (112s, 20.4 ms/sample)
  6000/16000 (122s, 20.3 ms/sample)
  6500/16000 (132s, 20.2 ms/sample)
  7000/16000 (141s, 20.1 ms/sample)
  7500/16000 (151s, 20.1 ms/sample)
  8000/16000 (162s, 20.2 ms/sample)
  8500/16000 (172s, 20.2 ms/sample)
  9000/16000 (182s, 20.2 ms/sample)
  9500/16000 (191s, 20.2 ms/sample)
  10000/16000 (202s, 20.2 ms/sample)
  10500/16000 (213s, 20.2 ms/sample)
  11000/16000 (223s, 20.3 ms/sample)
  11500/16000 (233s, 20.3 ms/sample)
  12000/16000 (243s, 20.3 ms/sample)
  12500/16000 (254s, 20.3 ms/sample)
  13000/16000 (265s, 20.3 ms/sample)
  13500/16000 (275s, 20.3 ms/sample)
  14000/16000 (284s, 20.3 ms/sample)
  14500/16000 (295s, 20.3 ms/sample)
  15000/16000 (305s, 20.3 ms/sample)
  15500/16000 (315s, 20.4 ms/sample)
  16000/16000 (326s, 20.4 ms/sample)
  factors -> datasets/regular_v7_anchors/_factors/train_m16_q2_f3_c9.pt
precomputing factors (test)
  500/2000 (10s, 20.1 ms/sample)
  1000/2000 (20s, 19.8 ms/sample)
  1500/2000 (29s, 19.6 ms/sample)
  2000/2000 (39s, 19.4 ms/sample)
  factors -> datasets/regular_v7_anchors/_factors/test_m16_q2_f3_c9.pt
init bias (mean log10 droop): -3.601
ablation=combined | params 32,617
ep  1 loss 0.0094 | 4,7:R2=+0.452  7,13:R2=+0.588 (105s)
history -> checkpoints/imp_attn_warm.history.json
